// Jest Snapshot v1, https://goo.gl/fbAQLP

exports[`Application should match snapshot 1`] = `
Object {
  "asFragment": [Function],
  "baseElement": <body>
    <div>
      <div
        class="App"
        style="max-width: 50rem; margin: 35vh auto auto auto; border: 0.1rem solid grey; padding: 2rem;"
      >
        <div
          class="row"
        >
          <div
            class="col"
          >
            <div
              style="position: relative; margin-bottom: 1rem;"
            >
              <input
                id="search-location-input"
                placeholder="Search"
                style="padding-left: 3rem;"
                value=""
              />
              <svg
                aria-hidden="true"
                class="svg-inline--fa fa-search fa-w-16 "
                data-icon="search"
                data-prefix="fas"
                focusable="false"
                role="img"
                style="position: absolute; left: 1.5rem; top: 25%; cursor: pointer;"
                viewBox="0 0 512 512"
                xmlns="http://www.w3.org/2000/svg"
              >
                <path
                  d="M505 442.7L405.3 343c-4.5-4.5-10.6-7-17-7H372c27.6-35.3 44-79.7 44-128C416 93.1 322.9 0 208 0S0 93.1 0 208s93.1 208 208 208c48.3 0 92.7-16.4 128-44v16.3c0 6.4 2.5 12.5 7 17l99.7 99.7c9.4 9.4 24.6 9.4 33.9 0l28.3-28.3c9.4-9.4 9.4-24.6.1-34zM208 336c-70.7 0-128-57.2-128-128 0-70.7 57.2-128 128-128 70.7 0 128 57.2 128 128 0 70.7-57.2 128-128 128z"
                  fill="currentColor"
                />
              </svg>
            </div>
          </div>
          <div
            class="col"
            style="display: flex; justify-content: flex-end;"
          >
            <div
              class="spinner-border text-secondary"
              role="status"
            />
          </div>
        </div>
        <div
          class="row"
        >
          <div
            class="col"
          >
            <div
              style="color: grey; font-weight: bold;"
            />
            <br />
            <div>
              Min: 0.00
            </div>
            <div>
              Max: 0.00
            </div>
          </div>
        </div>
      </div>
    </div>
  </body>,
  "container": <div>
    <div
      class="App"
      style="max-width: 50rem; margin: 35vh auto auto auto; border: 0.1rem solid grey; padding: 2rem;"
    >
      <div
        class="row"
      >
        <div
          class="col"
        >
          <div
            style="position: relative; margin-bottom: 1rem;"
          >
            <input
              id="search-location-input"
              placeholder="Search"
              style="padding-left: 3rem;"
              value=""
            />
            <svg
              aria-hidden="true"
              class="svg-inline--fa fa-search fa-w-16 "
              data-icon="search"
              data-prefix="fas"
              focusable="false"
              role="img"
              style="position: absolute; left: 1.5rem; top: 25%; cursor: pointer;"
              viewBox="0 0 512 512"
              xmlns="http://www.w3.org/2000/svg"
            >
              <path
                d="M505 442.7L405.3 343c-4.5-4.5-10.6-7-17-7H372c27.6-35.3 44-79.7 44-128C416 93.1 322.9 0 208 0S0 93.1 0 208s93.1 208 208 208c48.3 0 92.7-16.4 128-44v16.3c0 6.4 2.5 12.5 7 17l99.7 99.7c9.4 9.4 24.6 9.4 33.9 0l28.3-28.3c9.4-9.4 9.4-24.6.1-34zM208 336c-70.7 0-128-57.2-128-128 0-70.7 57.2-128 128-128 70.7 0 128 57.2 128 128 0 70.7-57.2 128-128 128z"
                fill="currentColor"
              />
            </svg>
          </div>
        </div>
        <div
          class="col"
          style="display: flex; justify-content: flex-end;"
        >
          <div
            class="spinner-border text-secondary"
            role="status"
          />
        </div>
      </div>
      <div
        class="row"
      >
        <div
          class="col"
        >
          <div
            style="color: grey; font-weight: bold;"
          />
          <br />
          <div>
            Min: 0.00
          </div>
          <div>
            Max: 0.00
          </div>
        </div>
      </div>
    </div>
  </div>,
  "debug": [Function],
  "findAllByAltText": [Function],
  "findAllByDisplayValue": [Function],
  "findAllByLabelText": [Function],
  "findAllByPlaceholderText": [Function],
  "findAllByRole": [Function],
  "findAllByTestId": [Function],
  "findAllByText": [Function],
  "findAllByTitle": [Function],
  "findByAltText": [Function],
  "findByDisplayValue": [Function],
  "findByLabelText": [Function],
  "findByPlaceholderText": [Function],
  "findByRole": [Function],
  "findByTestId": [Function],
  "findByText": [Function],
  "findByTitle": [Function],
  "getAllByAltText": [Function],
  "getAllByDisplayValue": [Function],
  "getAllByLabelText": [Function],
  "getAllByPlaceholderText": [Function],
  "getAllByRole": [Function],
  "getAllByTestId": [Function],
  "getAllByText": [Function],
  "getAllByTitle": [Function],
  "getByAltText": [Function],
  "getByDisplayValue": [Function],
  "getByLabelText": [Function],
  "getByPlaceholderText": [Function],
  "getByRole": [Function],
  "getByTestId": [Function],
  "getByText": [Function],
  "getByTitle": [Function],
  "queryAllByAltText": [Function],
  "queryAllByDisplayValue": [Function],
  "queryAllByLabelText": [Function],
  "queryAllByPlaceholderText": [Function],
  "queryAllByRole": [Function],
  "queryAllByTestId": [Function],
  "queryAllByText": [Function],
  "queryAllByTitle": [Function],
  "queryByAltText": [Function],
  "queryByDisplayValue": [Function],
  "queryByLabelText": [Function],
  "queryByPlaceholderText": [Function],
  "queryByRole": [Function],
  "queryByTestId": [Function],
  "queryByText": [Function],
  "queryByTitle": [Function],
  "rerender": [Function],
  "unmount": [Function],
}
`;
